Command line invocation:
    /Applications/Xcode.app/Contents/Developer/usr/bin/xcodebuild -project Mindsprout.xcodeproj -scheme Mindsprout -destination "platform=iOS Simulator,name=iPhone 17" build

ComputePackagePrebuildTargetDependencyGraph

Prepare packages

CreateBuildRequest

SendProjectDescription

CreateBuildOperation

ComputeTargetDependencyGraph
note: Building targets in dependency order
note: Target dependency graph (1 target)
    Target 'Mindsprout' in project 'Mindsprout' (no dependencies)

GatherProvisioningInputs

CreateBuildDescription

ExecuteExternalTool /Applications/Xcode.app/Contents/Developer/Toolchains/XcodeDefault.xctoolchain/usr/bin/clang -v -E -dM -isysroot /Applications/Xcode.app/Contents/Developer/Platforms/iPhoneSimulator.platform/Developer/SDKs/iPhoneSimulator26.5.sdk -x c -c /dev/null

ExecuteExternalTool /Applications/Xcode.app/Contents/Developer/usr/bin/xcstringstool compile --dry-run --output-directory /Users/rishisinghal/Library/Developer/Xcode/DerivedData/Mindsprout-cqsyerqwxzldxlcxceqtlfgcjulw/Build/Intermediates.noindex/Mindsprout.build/Debug-iphonesimulator/Mindsprout.build /Users/rishisinghal/Documents/Mindsprout/Mindsprout/Resources/Localizable.xcstrings

ExecuteExternalTool /Applications/Xcode.app/Contents/Developer/usr/bin/actool --print-asset-tag-combinations --output-format xml1 /Users/rishisinghal/Documents/Mindsprout/Mindsprout/Assets.xcassets

ExecuteExternalTool /Applications/Xcode.app/Contents/Developer/usr/bin/actool --version --output-format xml1

ExecuteExternalTool /Applications/Xcode.app/Contents/Developer/Toolchains/XcodeDefault.xctoolchain/usr/bin/swiftc --version

ExecuteExternalTool /Applications/Xcode.app/Contents/Developer/Toolchains/XcodeDefault.xctoolchain/usr/bin/ld -version_details

Build description signature: 5fc0d3b448ff3c78953a20e25e7c6e21
Build description path: /Users/rishisinghal/Library/Developer/Xcode/DerivedData/Mindsprout-cqsyerqwxzldxlcxceqtlfgcjulw/Build/Intermediates.noindex/XCBuildData/5fc0d3b448ff3c78953a20e25e7c6e21.xcbuilddata
ClangStatCache /Applications/Xcode.app/Contents/Developer/Toolchains/XcodeDefault.xctoolchain/usr/bin/clang-stat-cache /Applications/Xcode.app/Contents/Developer/Platforms/iPhoneSimulator.platform/Developer/SDKs/iPhoneSimulator26.5.sdk /Users/rishisinghal/Library/Developer/Xcode/DerivedData/SDKStatCaches.noindex/iphonesimulator26.5-23F73-6cfe768891a92b912361537c460fe42b.sdkstatcache
    cd /Users/rishisinghal/Documents/Mindsprout/Mindsprout.xcodeproj
    /Applications/Xcode.app/Contents/Developer/Toolchains/XcodeDefault.xctoolchain/usr/bin/clang-stat-cache /Applications/Xcode.app/Contents/Developer/Platforms/iPhoneSimulator.platform/Developer/SDKs/iPhoneSimulator26.5.sdk -o /Users/rishisinghal/Library/Developer/Xcode/DerivedData/SDKStatCaches.noindex/iphonesimulator26.5-23F73-6cfe768891a92b912361537c460fe42b.sdkstatcache

ProcessInfoPlistFile /Users/rishisinghal/Library/Developer/Xcode/DerivedData/Mindsprout-cqsyerqwxzldxlcxceqtlfgcjulw/Build/Products/Debug-iphonesimulator/Mindsprout.app/Info.plist /Users/rishisinghal/Library/Developer/Xcode/DerivedData/Mindsprout-cqsyerqwxzldxlcxceqtlfgcjulw/Build/Intermediates.noindex/Mindsprout.build/Debug-iphonesimulator/Mindsprout.build/empty-Mindsprout.plist (in target 'Mindsprout' from project 'Mindsprout')
    cd /Users/rishisinghal/Documents/Mindsprout
    builtin-infoPlistUtility /Users/rishisinghal/Library/Developer/Xcode/DerivedData/Mindsprout-cqsyerqwxzldxlcxceqtlfgcjulw/Build/Intermediates.noindex/Mindsprout.build/Debug-iphonesimulator/Mindsprout.build/empty-Mindsprout.plist -producttype com.apple.product-type.application -genpkginfo /Users/rishisinghal/Library/Developer/Xcode/DerivedData/Mindsprout-cqsyerqwxzldxlcxceqtlfgcjulw/Build/Products/Debug-iphonesimulator/Mindsprout.app/PkgInfo -expandbuildsettings -format binary -platform iphonesimulator -additionalcontentfile /Users/rishisinghal/Library/Developer/Xcode/DerivedData/Mindsprout-cqsyerqwxzldxlcxceqtlfgcjulw/Build/Intermediates.noindex/Mindsprout.build/Debug-iphonesimulator/Mindsprout.build/assetcatalog_generated_info.plist -o /Users/rishisinghal/Library/Developer/Xcode/DerivedData/Mindsprout-cqsyerqwxzldxlcxceqtlfgcjulw/Build/Products/Debug-iphonesimulator/Mindsprout.app/Info.plist

CopySwiftLibs /Users/rishisinghal/Library/Developer/Xcode/DerivedData/Mindsprout-cqsyerqwxzldxlcxceqtlfgcjulw/Build/Products/Debug-iphonesimulator/Mindsprout.app (in target 'Mindsprout' from project 'Mindsprout')
    cd /Users/rishisinghal/Documents/Mindsprout
    builtin-swiftStdLibTool --copy --verbose --sign - --scan-executable /Users/rishisinghal/Library/Developer/Xcode/DerivedData/Mindsprout-cqsyerqwxzldxlcxceqtlfgcjulw/Build/Products/Debug-iphonesimulator/Mindsprout.app/Mindsprout.debug.dylib --scan-folder /Users/rishisinghal/Library/Developer/Xcode/DerivedData/Mindsprout-cqsyerqwxzldxlcxceqtlfgcjulw/Build/Products/Debug-iphonesimulator/Mindsprout.app/Frameworks --scan-folder /Users/rishisinghal/Library/Developer/Xcode/DerivedData/Mindsprout-cqsyerqwxzldxlcxceqtlfgcjulw/Build/Products/Debug-iphonesimulator/Mindsprout.app/PlugIns --scan-folder /Users/rishisinghal/Library/Developer/Xcode/DerivedData/Mindsprout-cqsyerqwxzldxlcxceqtlfgcjulw/Build/Products/Debug-iphonesimulator/Mindsprout.app/SystemExtensions --scan-folder /Users/rishisinghal/Library/Developer/Xcode/DerivedData/Mindsprout-cqsyerqwxzldxlcxceqtlfgcjulw/Build/Products/Debug-iphonesimulator/Mindsprout.app/Extensions --platform iphonesimulator --toolchain /Applications/Xcode.app/Contents/Developer/Toolchains/XcodeDefault.xctoolchain --destination /Users/rishisinghal/Library/Developer/Xcode/DerivedData/Mindsprout-cqsyerqwxzldxlcxceqtlfgcjulw/Build/Products/Debug-iphonesimulator/Mindsprout.app/Frameworks --strip-bitcode --strip-bitcode-tool /Applications/Xcode.app/Contents/Developer/Toolchains/XcodeDefault.xctoolchain/usr/bin/bitcode_strip --emit-dependency-info /Users/rishisinghal/Library/Developer/Xcode/DerivedData/Mindsprout-cqsyerqwxzldxlcxceqtlfgcjulw/Build/Intermediates.noindex/Mindsprout.build/Debug-iphonesimulator/Mindsprout.build/SwiftStdLibToolInputDependencies.dep --filter-for-swift-os

** BUILD SUCCEEDED **

